
> crossflow@0.1.0 check:workspace /Users/mansitibrewal/chronicles/crossflow
> node scripts/check-workspace.mjs && node --test tests/workspace/*.test.mjs && tsc --noEmit && vitest run tests/spec/wire-vectors.test.ts

Workspace pinning, local default, tracked secret names, and RPC destination checks passed.
✔ devnet exact genesis allows signing callback (0.4435ms)
✔ mainnet URL cannot reach signing callback (0.428625ms)
✔ testnet URL cannot reach signing callback (0.052292ms)
✔ wrong expected genesis cannot reach signing callback (0.04675ms)
✔ local public genesis cannot reach signing callback (0.068167ms)
✔ local no port cannot reach signing callback (0.050333ms)
✔ embedded credentials cannot reach signing callback (0.040125ms)
✔ unknown mode cannot reach signing callback (0.037834ms)
✔ RPC genesis mismatch blocks signing callback (0.134083ms)
✔ owned local validator exact genesis allows operation (0.110125ms)
✔ write destinations reject mainnet, testnet, unknown host and missing URL (0.733625ms)
✔ pinning rejects a moving version and mainnet Anchor default (1.552417ms)
✔ tracked keypair filename is rejected (37.335584ms)
✔ missing task selector, source, checks and duplicate checks fail closed (0.87825ms)
✔ forged success text without selected tests is rejected (0.88725ms)
✔ locked install requires frozen-lockfile completion evidence (0.083ms)
✔ focused Vitest evidence requires selected passing tests and no skips (0.15ms)
✔ skipped or failed mandatory tests are rejected (0.21975ms)
✔ mainnet and parent path in manifest are rejected (0.087333ms)
✔ local runtime evidence requires real local identities, guarded rollback and conserved asset deltas (0.316334ms)
✔ T06 runtime evidence requires both settlement bounds to roll back after prior token CPIs (0.082ms)
✔ T07 runtime evidence requires the full lifecycle and source-bound transcript (0.100333ms)
✔ T08 runtime evidence requires old-mint removal before owner closed-vault recovery (0.133ms)
✔ T09 runtime evidence requires a three-owner lookup-backed atomic batch (0.144333ms)
✔ T10 runtime evidence requires real measured venue deltas and a labelled synthetic pool (0.098917ms)
✔ colourised test-runner output is interpreted rather than rejected (0.092792ms)
✔ T16 runtime evidence requires a composed route with intact reserves and measured deltas (0.136458ms)
ℹ tests 27
ℹ suites 0
ℹ pass 27
ℹ fail 0
ℹ cancelled 0
ℹ skipped 0
ℹ todo 0
ℹ duration_ms 72.989792

[1m[30m[46m RUN [49m[39m[22m [36mv5.0.1 [39m[90m/Users/mansitibrewal/chronicles/crossflow[39m

 [32m✓[39m tests/spec/wire-vectors.test.ts [2m([22m[2m21 tests[22m[2m)[22m[32m 9[2mms[22m[39m

[2m Test Files [22m [1m[32m1 passed[39m[22m[90m (1)[39m
[2m      Tests [22m [1m[32m21 passed[39m[22m[90m (21)[39m
[2m   Start at [22m 23:17:31
[2m   Duration [22m 85ms[2m (transform 56%, tests 25%, import 15%, worker 4%)[22m

