{
  "status": "PASS",
  "task": "T07",
  "cluster": "localnet",
  "genesis": "EDiTLLGC2yJfPrEzt3v4hF3uTVD3TbjALaCdQ3nQS16",
  "program_id": "CW1jtAmpZWWwu3HyTACiW6W7Bwh6efcPHiha3noXbRkh",
  "config": "GhJQxyo8iihFpdS87mbfS6cZWYBCbqcj3t5TBbzi37dp",
  "mandatory_negative_cases": 31,
  "transaction_signatures": {
    "prefund": "v4iwTLDrE5RGsCZryR6CRZwuPDMMsb4CrZeXhpeowFFnDEBvhB2iMdGWDSm1XYrHKHmXqEkueSYeBvg9Nnaniu8",
    "initialize": "64MfHzWzgfkn3BMr4Ak1qWizhRV7xj3Znj8Aj1FNdqBYaxPS2KGLzJB6AwaGP7SWtFCYFRdazdYDouu2uhGS6ZNB",
    "publish": "3X3jKPbuP4xSFoe1xsNfbN6e1UdtmF65CC1AhCHv75L5MJpD3Yrc7LDVaPoQcXkFpjQEctCiawGA8mpnrBuJDVtX",
    "fund": "qGHNRrzSwtKYyLNvfDvgQBRKk1eS2J1xxTwTtLohi69z9mArXFNHcAuDPsBUMQxPtMLC23YR8RvLZExvynyvLuq",
    "settle": "3bojHE2MX9dWBZiWMbGwG2jgaQC1XWcNiMWaP1ax9FtwTPyp9oQjVcmRo1mtteLfME8sj3hfbgpLBAJgSdeThY1o",
    "closeSettled": "38Z2HaPud6ACWg7PRwmpkfKDuVpZ3bs4tzkasn2m3Jfc9CsxQJgrvN9vzCKuD32Qgn4Jq7fWqEXmEp2u9ZUUuvq4",
    "fundForCancel": "4Qf61StyCn9PoQEaviUro5m3fdDoV65xjZNk3xPNf7dG6zSQMUU5PhZjsd2GY47zY3WD9fNTnoGw6QrFrWSJbuux",
    "pause": "5ywvfLj9TmgdDjzZERXa5Wafrsd2AB1PKDV1dpYUEaC3tChdfPbp1VGozZBsvXbdq7DbzM4KFB8xmob69CTgetfB",
    "unpauseForExpiryCheck": "TP5WEXF9QukQCcoXh4SqgNG87DmrRJCZ24gfbX2MazWMXfNEahgXrZ3hhQLQA4JXBgw679ViBr5UT9SrFJ6EFzo",
    "repauseForRecovery": "pFWSYopXoLoJdgHuXFNH4YBJUQ83QmsgJnCBAhidYaFt5uKNAi6KQA69PCeyJPz4HBJJbntjmfzW1erPyaepKYs",
    "cancel": "4HLWEmzkrhZZ4VNB5w9XfahMuzEpZjKfL8sgS5ruzSvb78rh3suLRXjqUmHgXWdbGi9u2pur2L1bkh8xF7zseccn",
    "unpauseForRaceCheck": "3zU1B2ypNCQt6gLgt2pLS8oYDrs4NCNKDmQXo3hBwkMRMC6ReZ4iY71uumqcFi2udmuZnwrGWsNFkQzt58nzvQmT",
    "repauseForWithdrawals": "4EVtQzwQbPjgp3tqJc6PvXN9Xj82AC9mJ41TrFRUUZa7ePeC179KWF6JyL8ReCjcD8YMmjscwGqc7Nq483xk2T1g",
    "temporaryAta": "4qNN5d6AUs2TxvnodQyukLvtzn3v6AisDH6SuYbtBZNth6mDSs2gkT93eaKhuupmALrehQXfVLaBPM9M6cP7FHvw",
    "withdraw1WhileOtherAtaMissing": "3oDjFrfF5zNWqvBz4hrAoKcddfewUstyUZKncqkPCYa1xMK1PcwLSa1XYwxwszHDZxKzFygLQnx8XVnpr9yXfsSB",
    "withdraw0WithAtaRecreation": "RoFxoDXgKn98D1mdShCsZqaSREHETSh4GdoXeTRuBLmxgwC54HXafoRUkGHp39StFBPRTH953H1ZRt7RZ1es2SW",
    "withdraw2": "3RRki7dESfgKGjLj99BefJ1waD6YexyJJLsAgpjimpJhAseZrcvV2xmmS1DhLih8x65hjYSRxiDKLQsdd2ucgyYZ",
    "closeCancelled": "4GRUunxuaWU9KnBtZhvn5CNdWW3bY6MfkYLZYTdrGLnsKj8FzDPpNGyF73RQj4kNrN35teNKJtHkkY2gg2Q1qxy1",
    "unpause": "gwCDzypjfEjzaD6D1QLo6fhquWLkCuYuSHXW5mbEFgs6JNGcagnjvTGyQ2P548p2XnbEdMw5kpusNiwLFLR7DmQ",
    "policyRotation": "5NUTsemQcieciqJ67vGL9uYzh1ES8FrdAFn28ZALDyBA1tXHcPZ4urVyG7TCVjEiCqdTxBo9eKofYNGkNwT6swzY",
    "fundAfterRotation": "4TguUEPpLSM9qrCrUx4HPFdkRkfmyH6C3Kbnjv7Egc3rHciHRAPT2j7M3zSL6zCRQZmva1zH85xGJbyfTPsDS7pe",
    "cancelAfterRotation": "2giyLXjo8mY2JrdKwULAzKXwo56WkemJurbDsxqpgeUqLCDtcy6UZ45MKN8Xs3eQCtsXWDnwAbF4dMhD1VwKBRAp",
    "withdrawAfterRotation0": "3SSbQa2b7EEbTDyv4pr9zTL97f9HCguev6MAbBcqb128HXF2SNcEvM1agXzNn6PGeU2vE6NRycKfiG3wrko7YpM",
    "withdrawAfterRotation1": "kQSUYKwGDuT3HXYwxWi6o9XVUUtUnb3knMfpUMGkdPwE37zM8cn3XL3h3VK47T6m8kDQ8rgCG9QmAgzUkmkEHB8",
    "withdrawAfterRotation2": "3jkf8K28eFmmBeLHdhQo1ZfVmMcKFo44LGz4hX8US3dds76XKTKbcw6Zmetb2pToBv6Dvz1jKuVYLCvQurxP2kuA",
    "closeAfterRotation": "62DBy4oa7Lo7MxWFBupwCX6PPtcuH4Ug281MpiTqqUwLhx9mVScdzB94SMrnX76JcE3sBdd8yhJCV3K2coXdnsup",
    "adminRotation": "5Eb5sscFKxsXJm89Pg3JsXfk9rSYFraASyd8aM9E237GzbECQPFWZzwCWCFc4VNo465BQHcoge2gGJZj3jmku2Jz"
  },
  "transaction_signatures_count": 27,
  "settlement_rollback_cpis_per_case": 2,
  "final_nonce": "3",
  "outstanding_claim_intents": "0",
  "deployment_manifest_sha256": "4185f437f693f3f9e95c648d18f2cd7f246069902a22c872b3fc3267750e7201",
  "demo_transcript_sha256": "e7ba7b1fac698208b501cfa9a39a5294f4ca7a1d07581e413a2dea228b2e6329",
  "program_binary_sha256": "24955c125c81ee96ff7af15e335f7479928691ad80de4ff05c3a78149a2c5059",
  "limitations": [
    "Isolated local validator and synthetic test prices only; no devnet or live equity claim.",
    "Captured local signatures/transcript are historical evidence and require a running ledger for later RPC re-query."
  ]
}
