
> crossflow@0.1.0 check:workspace /Users/mansitibrewal/chronicles/crossflow
> node scripts/check-workspace.mjs && node --test tests/workspace/*.test.mjs && tsc --noEmit && vitest run tests/spec/wire-vectors.test.ts

Workspace pinning, local default, tracked secret names, and RPC destination checks passed.
✔ devnet exact genesis allows signing callback (0.807167ms)
✔ mainnet URL cannot reach signing callback (0.710167ms)
✔ testnet URL cannot reach signing callback (0.079584ms)
✔ wrong expected genesis cannot reach signing callback (0.069333ms)
✔ local public genesis cannot reach signing callback (0.094791ms)
✔ local no port cannot reach signing callback (0.072ms)
✔ embedded credentials cannot reach signing callback (0.075375ms)
✔ unknown mode cannot reach signing callback (0.05675ms)
✔ RPC genesis mismatch blocks signing callback (0.199125ms)
✔ owned local validator exact genesis allows operation (0.175917ms)
✔ write destinations reject mainnet, testnet, unknown host and missing URL (1.451834ms)
✔ pinning rejects a moving version and mainnet Anchor default (2.386ms)
✔ tracked keypair filename is rejected (52.476167ms)
✔ missing task selector, source, checks and duplicate checks fail closed (1.146458ms)
✔ forged success text without selected tests is rejected (0.44525ms)
✔ locked install requires frozen-lockfile completion evidence (0.109208ms)
✔ focused Vitest evidence requires selected passing tests and no skips (0.221542ms)
✔ skipped or failed mandatory tests are rejected (0.277ms)
✔ mainnet and parent path in manifest are rejected (0.131833ms)
✔ local runtime evidence requires real local identities, guarded rollback and conserved asset deltas (1.134334ms)
✔ T06 runtime evidence requires both settlement bounds to roll back after prior token CPIs (0.132959ms)
✔ T07 runtime evidence requires the full lifecycle and source-bound transcript (0.14825ms)
ℹ tests 22
ℹ suites 0
ℹ pass 22
ℹ fail 0
ℹ cancelled 0
ℹ skipped 0
ℹ todo 0
ℹ duration_ms 108.531917

 RUN  v5.0.1 /Users/mansitibrewal/chronicles/crossflow


 Test Files  1 passed (1)
      Tests  21 passed (21)
   Start at  11:42:57
   Duration  138ms (transform 58%, tests 24%, import 14%, worker 4%)

