{
  "status": "PASS",
  "task": "T16",
  "cluster": "localnet",
  "genesis": "2nq3rzqWSN1A2UYcjKtJ7Q5EaVpXh3GG33goxUqPMGrG",
  "program_id": "CW1jtAmpZWWwu3HyTACiW6W7Bwh6efcPHiha3noXbRkh",
  "config": "5cB2SA8dDoA1kXTqDbBpnWSH8rkP9i1Wbe15r2CcSgyp",
  "batch_authority": "9xaNqJmpayAGMj95TvtJ6Wq8X93Sz986moHY6wu64dU7",
  "route": {
    "program": "Bq1FxNWHnmnZgJRi6fsRKrvLTbBf6uDTXjaawzdnkw1Q",
    "pool": "9NiWmPNYRJfZStHpQ4K5YhT8rneRDkzDWGqKkG5q8Rm2",
    "fee_bps": 30,
    "vaults": [
      "4iUhwThUHagierQpimqkVAX8nry6WnusaNHCKsUKjrPv",
      "GgFRXgdsN4VekcmrtQDnjsEqqyzMHgvWDG3DQSmeqAT1",
      "GEwgRdYUiYPBATLYf524DGYGn9jRiLi9oHeY2NQz3RLb"
    ],
    "vaults_are_pool_atas": true
  },
  "pools": [
    "4u33ECAGsDkuigcbZqcf5hM9ntdkauzbMtY2bjcnffaF",
    "FXsFCxsP8adpjLyDSpw1SgyayGqonCshHEAKiahEXRPz",
    "DyPzcmSQmFGCTQaNhtWYBsQQsGUQmkBU8iaJcfYuitdS"
  ],
  "mandatory_negative_cases": 6,
  "compute_units": 330095,
  "serialized_settlement_bytes": 451,
  "lookup_table_entries": 43,
  "measured_external_input": "50000",
  "measured_external_output": "493579",
  "external_deviation_bps": "128",
  "measured_outputs": [
    [
      "30000000",
      "1000000",
      "0"
    ],
    [
      "30000000",
      "0",
      "0"
    ],
    [
      "10493579",
      "2950000",
      "0"
    ]
  ],
  "hashes": {
    "report": "19003f78bd271205bc82a64b083ad70c5d425b971b7e0d53dbe6664172ffdad2",
    "manifest": "615a44c726f0b72c955b25e92775f15fe3ca550968b753f1d9109fd1276ac20e",
    "binary": "7eaed71afda075e5c2f7cd6ab88cf76f5afc63efc0cb80870292dca3a2f136ec",
    "venue_binary": "72876b85282964798b1e606626aea010b5ad9bd73ceb48b4d6277c45b515dfe9",
    "body": "e24b7507d0eecabf6f0e65c158311ca42ff07e585126425602b525fdac6a8f13"
  },
  "limitations": [
    "Isolated local validator with synthetic TEST PRICES and test-token venue liquidity; no devnet, market or equity claim.",
    "The venue is a fixed constant-product test venue pinned by the committed policy; it is not Meteora, Jupiter or a real market.",
    "The routed leg is a single small sell; larger legs would exceed the committed ±200 bps per-owner execution band and must be rejected."
  ]
}
