{
  "status": "PASS",
  "task": "T07",
  "cluster": "localnet",
  "genesis": "EDiTLLGC2yJfPrEzt3v4hF3uTVD3TbjALaCdQ3nQS16",
  "program_id": "CW1jtAmpZWWwu3HyTACiW6W7Bwh6efcPHiha3noXbRkh",
  "config": "4iAyns9mqwoWHM7aodKyNVxv5XDMQtDDxdUpfRADSsR3",
  "mandatory_negative_cases": 30,
  "transaction_signatures": {
    "prefund": "4Qzggq8BHongya4PL7pnUi8rQFhYEGpD6pNo59PXCKczkR7S8nixsZfAm6E4XGdJxsxKGgrtFrjuSjkqHkcpmiu5",
    "initialize": "3iQ8rA7hmM1Um5wHP7AKEbz5DAP3dwUWKPXGuBKfYXJ5eFsvxXFarprVg3imE8hoCgnAayje2Zij5LGQSkPkBm7u",
    "publish": "2gNpLEkcqkryruY9KiMLXCRuuF2zL4T1y4xmFkREHTBUPUUacwdoq5tPQMf8ezzNsx6QmNkjeSMYMmE4BsT4brDm",
    "fund": "4b5Y9Kvn9vRfoS9eZJiD35YnqFQxD2uELqoyrMtnRiw2uKM5vqoB6U1TN4T2thGx2GPY9pDz4SKmBVeGy54iHs5Z",
    "settle": "5X5jWCkz7EgWJtMcL5c8g7qMwpdQmDAVzQfhv6kGFPtaEXkxqVairmc8MxuTDCUJPP4F3rKQG99ECBXrAPCwx9PN",
    "closeSettled": "MSwfSHj7e6YhixL7T2ivVTcDEuzRVwGdsZLty6ivzkE6PgjxSieTsjy7223MgiYfPbvV2fnZUGmpjHx3fEh1i61",
    "fundForCancel": "5ZDbxKooP8CoZjjUmZGXPqMjg6eCj1sQZ3rotYBr7zxwXi96n9M9KuvHcyksBo7rSdVeoQ4TsVjpmR8M43voyNQZ",
    "pause": "5xmFE7yjFP76T9pHAheZJuPybBEtWSQ9ToMr2rz8v1j31gJUB4bQRuHQhMazbPPRJfzzu7jv9DxcEYabUawzXU7U",
    "unpauseForExpiryCheck": "2wDJtCu16DJctvuTKHK1Dcd7A3SmbBzs7pBhc6WT1BruYQySkhpPsYtVX9Wrh7YDuioWfCkcD64iodwQpGzj3Wmp",
    "repauseForRecovery": "3VSeP4cDiD73BbJfrtEZemnSsL6SxHSrmcbCK9U4NKjCjEu1SbzJmA17bYvNXFn8ENJWuKAVZym8QBcbGjmjzfxj",
    "cancel": "2vAy5naegTM7w3wAXtGR2dh71EB1pcMdsFoecbEBTTmWB9thB2HWT2WVCqUvzHi7ZxpN4ATQ3kLDDLMNXLyL6uXm",
    "unpauseForRaceCheck": "54iPfwwqKNtzZLKFq46nzqufDG3hD16zmkpDVa65GtGrsozaS2dy9bmgXA4HaUg4uLx7b3mATXzgF8C3mhjkvHxK",
    "repauseForWithdrawals": "2CGz9cdWpicq6F7wn86wk16LdMxHZU13xChbPhoK3oXkwb7uFZVEvSHCuZSLiRp64RvqVBkRmQYo2SVpqjVCdWxk",
    "temporaryAta": "4WgydJCz8ye33QRSwJwiEKxt111LfRresmGK7MpH2M6c2UPzsrAEGXAN8pmTNifQX22XfDtziBD4cvY6CEhUFafp",
    "withdraw1WhileOtherAtaMissing": "qwVqYBQosdypBGebJCyY68CfG9wekkK5uuHUR2e5VaQhsvT5xbpC6UhqLDhWd8cNnSfobrVWMm8EFfyVrBGaz2n",
    "withdraw0WithAtaRecreation": "2nGRoiMXA8svcVKjie1Pts9qP2LseaSrtew7WbRSgeBiVpQhanLEaRwU26gfrpw1bUf1ep8rSeH37uo5ko2PyMVV",
    "withdraw2": "ibVc3HwGrbLuHLM6TR7hShx1jeHbNqiKb2qVLL8hTVEuCAswQtZNHh7uawp9JL1q95mxgkiHCkx1c9SH4GtCRxh",
    "closeCancelled": "4c5Tv2EJKDBXjy4RuuN3Kkq7TurLBk61fGbA1UKr4vqvYGHkaPK3Ygfh1WSMKTLT8FQ2ibxumiQf6sac37iVt8rN",
    "unpause": "4tA24FUCNm29vnLYFAY3qjpr1ehLoWwwKrqS5aMSRoAnrgaiZbdyqTZt1EaaXZekpbhk5qY35DKB6RW1KToDcjou",
    "policyRotation": "6frYuwCRCbdHDV5pj4fFFYev4fC2WJ8zbJvu7Sk68JG5hJfEcgKwtTF7RmjvVhTjMBf7fmemPVS7323AdaZWNZs",
    "fundAfterRotation": "5TUL9uMe9TZLykbmm2LdsUrvi8UuGSZgu91jfMmpfH1VuxStWto1MJK5EfaboxKjWgmsYvgSpFSu24QoXUgjKR1M",
    "cancelAfterRotation": "5mxwPNvx3aamaVAmVBwUNDUQEqrtFEAs54qh2G6dvDgo98pE4oCEdtv8TufgQnu8RdLgc3kiBpmafE5QbP9inQy6",
    "withdrawAfterRotation0": "2faY6FZyGgWHh7FqJ3GjWBvXn953KxTTLeyrqcX8swcXA7vXd27wSZKuKwxiDtCGHQrk3RhEoW5bxUo1WQQp656",
    "withdrawAfterRotation1": "428rtKJ6jxyJsMepbGzjxFHSU6MEi5CheCMDATSvvmVnSgDJ6fJE1aEBHfnJa8Veq1vcnEQzP6mf7D3J5Rss6vo6",
    "withdrawAfterRotation2": "2gmfUj78Fqi8QxkALo58y1qZE6RtxcuoHbGdXHezCcZsGPR5Dg7apRErr9VesLno9o5pHEzFT7wTi8oF2HkFdvHS",
    "closeAfterRotation": "2VESdjdrAeW5GmaDWoZRf6zBAD29bHN2uwyUCENGXTw4gR6qfqFqw6EBSNG2wTr99cAyvBJmWXQSgHQCpYdPJpMV",
    "adminRotation": "5Aqsp1Fwzzf7ASCVCSjxeDPEkwrM2PqNmD3Fe4Ce98UGGv7d4Minsykv6fC96n3D6qPQA6ZRA9AC6k8UxTWTX1Rd"
  },
  "transaction_signatures_count": 27,
  "settlement_rollback_cpis_per_case": 2,
  "final_nonce": "3",
  "outstanding_claim_intents": "0",
  "deployment_manifest_sha256": "3cc94149ddb95428d2b54ab3b932db3e9e5201161e3da0fd17f2311fdfd09b1e",
  "demo_transcript_sha256": "5d277f4706e4dd869c6f96b6fb63495814bcc99bd84470835cfba4125788bc40",
  "program_binary_sha256": "da6867ee2aca834dbb9e2fb59fabf297ebef1306f67eb71448d63c44dafcd66a",
  "limitations": [
    "Isolated local validator and synthetic test prices only; no devnet or live equity claim.",
    "Captured local signatures/transcript are historical evidence and require a running ledger for later RPC re-query."
  ]
}
