
> crossflow@0.1.0 check:workspace /Users/mansitibrewal/chronicles/crossflow
> node scripts/check-workspace.mjs && node --test tests/workspace/*.test.mjs && tsc --noEmit && vitest run tests/spec/wire-vectors.test.ts

Workspace pinning, local default, tracked secret names, and RPC destination checks passed.
✔ devnet exact genesis allows signing callback (0.390416ms)
✔ mainnet URL cannot reach signing callback (0.477833ms)
✔ testnet URL cannot reach signing callback (0.061458ms)
✔ wrong expected genesis cannot reach signing callback (0.04925ms)
✔ local public genesis cannot reach signing callback (0.069ms)
✔ local no port cannot reach signing callback (0.056417ms)
✔ embedded credentials cannot reach signing callback (0.043667ms)
✔ unknown mode cannot reach signing callback (0.038958ms)
✔ RPC genesis mismatch blocks signing callback (0.141667ms)
✔ owned local validator exact genesis allows operation (0.119958ms)
✔ write destinations reject mainnet, testnet, unknown host and missing URL (0.789041ms)
✔ pinning rejects a moving version and mainnet Anchor default (1.632542ms)
✔ tracked keypair filename is rejected (37.607584ms)
✔ missing task selector, source, checks and duplicate checks fail closed (0.5795ms)
✔ forged success text without selected tests is rejected (0.348542ms)
✔ locked install requires frozen-lockfile completion evidence (0.0675ms)
✔ focused Vitest evidence requires selected passing tests and no skips (0.137084ms)
✔ skipped or failed mandatory tests are rejected (0.296625ms)
✔ mainnet and parent path in manifest are rejected (0.101375ms)
✔ local runtime evidence requires real local identities, guarded rollback and conserved asset deltas (0.338791ms)
✔ T06 runtime evidence requires both settlement bounds to roll back after prior token CPIs (0.084875ms)
✔ T07 runtime evidence requires the full lifecycle and source-bound transcript (0.100333ms)
✔ T08 runtime evidence requires old-mint removal before owner closed-vault recovery (0.14725ms)
✔ T09 runtime evidence requires a three-owner lookup-backed atomic batch (0.135542ms)
✔ T10 runtime evidence requires real measured venue deltas and a labelled synthetic pool (0.099292ms)
✔ colourised test-runner output is interpreted rather than rejected (0.107542ms)
✔ T16 runtime evidence requires a composed route with intact reserves and measured deltas (0.18325ms)
ℹ tests 27
ℹ suites 0
ℹ pass 27
ℹ fail 0
ℹ cancelled 0
ℹ skipped 0
ℹ todo 0
ℹ duration_ms 72.753584

[1m[30m[46m RUN [49m[39m[22m [36mv5.0.1 [39m[90m/Users/mansitibrewal/chronicles/crossflow[39m

 [32m✓[39m tests/spec/wire-vectors.test.ts [2m([22m[2m21 tests[22m[2m)[22m[32m 9[2mms[22m[39m

[2m Test Files [22m [1m[32m1 passed[39m[22m[90m (1)[39m
[2m      Tests [22m [1m[32m21 passed[39m[22m[90m (21)[39m
[2m   Start at [22m 01:30:10
[2m   Duration [22m 89ms[2m (transform 58%, tests 24%, import 14%, worker 4%)[22m

